[    1131ms] [WARNING] Failed to decode downloaded font: http://localhost:3000/fonts/Outfit-Variable.woff2 @ http://localhost:3000/search:1
[    1131ms] [WARNING] OTS parsing error: invalid sfntVersion: 168430090 @ http://localhost:3000/search:1
[    1142ms] [WARNING] Failed to decode downloaded font: http://localhost:3000/fonts/Fraunces-Variable.woff2 @ http://localhost:3000/search:1
[    1142ms] [WARNING] OTS parsing error: invalid sfntVersion: 168430090 @ http://localhost:3000/search:1
[    1987ms] [WARNING] Image with src "/logo-bg.png" has "fill" but is missing "sizes" prop. Please add it to improve page performance. Read more: https://nextjs.org/docs/api-reference/next/image#sizes @ http://localhost:3000/_next/static/chunks/a191e_next_dist_0da38164._.js:2297
[ 1535757ms] [WARNING] Failed to decode downloaded font: http://localhost:3000/fonts/Fraunces-Variable.woff2 @ http://localhost:3000/search:0
[ 1535757ms] [WARNING] OTS parsing error: invalid sfntVersion: 168430090 @ http://localhost:3000/search:0
[ 1535757ms] [WARNING] Failed to decode downloaded font: http://localhost:3000/fonts/Outfit-Variable.woff2 @ http://localhost:3000/search:0
[ 1535757ms] [WARNING] OTS parsing error: invalid sfntVersion: 168430090 @ http://localhost:3000/search:0
[ 1539451ms] [WARNING] Failed to decode downloaded font: http://localhost:3000/fonts/Outfit-Variable.woff2 @ http://localhost:3000/search:0
[ 1539451ms] [WARNING] OTS parsing error: invalid sfntVersion: 168430090 @ http://localhost:3000/search:0
[ 1539451ms] [WARNING] Failed to decode downloaded font: http://localhost:3000/fonts/Outfit-Variable.woff2 @ http://localhost:3000/search:0
[ 1539451ms] [WARNING] OTS parsing error: invalid sfntVersion: 168430090 @ http://localhost:3000/search:0
[ 1582972ms] [WARNING] Failed to decode downloaded font: http://localhost:3000/fonts/Fraunces-Variable.woff2 @ http://localhost:3000/search:0
[ 1582973ms] [WARNING] OTS parsing error: invalid sfntVersion: 168430090 @ http://localhost:3000/search:0
[ 1582973ms] [WARNING] Failed to decode downloaded font: http://localhost:3000/fonts/Fraunces-Variable.woff2 @ http://localhost:3000/search:0
[ 1582973ms] [WARNING] OTS parsing error: invalid sfntVersion: 168430090 @ http://localhost:3000/search:0
[ 1913461ms] [WARNING] Failed to decode downloaded font: http://localhost:3000/fonts/Outfit-Variable.woff2 @ http://localhost:3000/search:0
[ 1913461ms] [WARNING] OTS parsing error: invalid sfntVersion: 168430090 @ http://localhost:3000/search:0
[ 1913461ms] [WARNING] Failed to decode downloaded font: http://localhost:3000/fonts/Fraunces-Variable.woff2 @ http://localhost:3000/search:0
[ 1913461ms] [WARNING] OTS parsing error: invalid sfntVersion: 168430090 @ http://localhost:3000/search:0
[ 1935154ms] [WARNING] Failed to decode downloaded font: http://localhost:3000/fonts/Fraunces-Variable.woff2 @ http://localhost:3000/search:0
[ 1935154ms] [WARNING] OTS parsing error: invalid sfntVersion: 168430090 @ http://localhost:3000/search:0
[ 1935154ms] [WARNING] Failed to decode downloaded font: http://localhost:3000/fonts/Outfit-Variable.woff2 @ http://localhost:3000/search:0
[ 1935154ms] [WARNING] OTS parsing error: invalid sfntVersion: 168430090 @ http://localhost:3000/search:0
[ 1954431ms] [WARNING] Failed to decode downloaded font: http://localhost:3000/fonts/Fraunces-Variable.woff2 @ http://localhost:3000/search:0
[ 1954431ms] [WARNING] OTS parsing error: invalid sfntVersion: 168430090 @ http://localhost:3000/search:0
[ 1954431ms] [WARNING] Failed to decode downloaded font: http://localhost:3000/fonts/Fraunces-Variable.woff2 @ http://localhost:3000/search:0
[ 1954431ms] [WARNING] OTS parsing error: invalid sfntVersion: 168430090 @ http://localhost:3000/search:0
[ 1954882ms] [WARNING] Failed to decode downloaded font: http://localhost:3000/fonts/Outfit-Variable.woff2 @ http://localhost:3000/search:0
[ 1954882ms] [WARNING] OTS parsing error: invalid sfntVersion: 168430090 @ http://localhost:3000/search:0
[ 1954882ms] [WARNING] Failed to decode downloaded font: http://localhost:3000/fonts/Outfit-Variable.woff2 @ http://localhost:3000/search:0
[ 1954882ms] [WARNING] OTS parsing error: invalid sfntVersion: 168430090 @ http://localhost:3000/search:0
[ 2016749ms] [WARNING] Failed to decode downloaded font: http://localhost:3000/fonts/Outfit-Variable.woff2 @ http://localhost:3000/search:0
[ 2016749ms] [WARNING] OTS parsing error: invalid sfntVersion: 168430090 @ http://localhost:3000/search:0
[ 2016750ms] [WARNING] Failed to decode downloaded font: http://localhost:3000/fonts/Fraunces-Variable.woff2 @ http://localhost:3000/search:0
[ 2016750ms] [WARNING] OTS parsing error: invalid sfntVersion: 168430090 @ http://localhost:3000/search:0
[ 2053627ms] [WARNING] Failed to decode downloaded font: http://localhost:3000/fonts/Fraunces-Variable.woff2 @ http://localhost:3000/search:0
[ 2053627ms] [WARNING] OTS parsing error: invalid sfntVersion: 168430090 @ http://localhost:3000/search:0
[ 2053627ms] [WARNING] Failed to decode downloaded font: http://localhost:3000/fonts/Outfit-Variable.woff2 @ http://localhost:3000/search:0
[ 2053627ms] [WARNING] OTS parsing error: invalid sfntVersion: 168430090 @ http://localhost:3000/search:0
[ 2053667ms] [WARNING] Failed to decode downloaded font: http://localhost:3000/fonts/Outfit-Variable.woff2 @ http://localhost:3000/search:0
[ 2053668ms] [WARNING] OTS parsing error: invalid sfntVersion: 168430090 @ http://localhost:3000/search:0
[ 2053668ms] [WARNING] Failed to decode downloaded font: http://localhost:3000/fonts/Outfit-Variable.woff2 @ http://localhost:3000/search:0
[ 2053668ms] [WARNING] OTS parsing error: invalid sfntVersion: 168430090 @ http://localhost:3000/search:0
[ 2053675ms] [WARNING] Failed to decode downloaded font: http://localhost:3000/fonts/Fraunces-Variable.woff2 @ http://localhost:3000/search:0
[ 2053675ms] [WARNING] OTS parsing error: invalid sfntVersion: 168430090 @ http://localhost:3000/search:0
[ 2053675ms] [WARNING] Failed to decode downloaded font: http://localhost:3000/fonts/Fraunces-Variable.woff2 @ http://localhost:3000/search:0
[ 2053675ms] [WARNING] OTS parsing error: invalid sfntVersion: 168430090 @ http://localhost:3000/search:0
[ 2065257ms] [WARNING] Failed to decode downloaded font: http://localhost:3000/fonts/Outfit-Variable.woff2 @ http://localhost:3000/search:0
[ 2065257ms] [WARNING] OTS parsing error: invalid sfntVersion: 168430090 @ http://localhost:3000/search:0
[ 2065267ms] [WARNING] Failed to decode downloaded font: http://localhost:3000/fonts/Fraunces-Variable.woff2 @ http://localhost:3000/search:0
[ 2065267ms] [WARNING] OTS parsing error: invalid sfntVersion: 168430090 @ http://localhost:3000/search:0
[ 2103605ms] [WARNING] Failed to decode downloaded font: http://localhost:3000/fonts/Outfit-Variable.woff2 @ http://localhost:3000/search:0
[ 2103605ms] [WARNING] OTS parsing error: invalid sfntVersion: 168430090 @ http://localhost:3000/search:0
[ 2103614ms] [WARNING] Failed to decode downloaded font: http://localhost:3000/fonts/Fraunces-Variable.woff2 @ http://localhost:3000/search:0
[ 2103614ms] [WARNING] OTS parsing error: invalid sfntVersion: 168430090 @ http://localhost:3000/search:0
[ 2223565ms] [WARNING] Failed to decode downloaded font: http://localhost:3000/fonts/Fraunces-Variable.woff2 @ http://localhost:3000/search:0
[ 2223565ms] [WARNING] OTS parsing error: invalid sfntVersion: 168430090 @ http://localhost:3000/search:0
[ 2223565ms] [WARNING] Failed to decode downloaded font: http://localhost:3000/fonts/Outfit-Variable.woff2 @ http://localhost:3000/search:0
[ 2223565ms] [WARNING] OTS parsing error: invalid sfntVersion: 168430090 @ http://localhost:3000/search:0
[ 2223602ms] [WARNING] Failed to decode downloaded font: http://localhost:3000/fonts/Outfit-Variable.woff2 @ http://localhost:3000/search:0
[ 2223603ms] [WARNING] OTS parsing error: invalid sfntVersion: 168430090 @ http://localhost:3000/search:0
[ 2223603ms] [WARNING] Failed to decode downloaded font: http://localhost:3000/fonts/Outfit-Variable.woff2 @ http://localhost:3000/search:0
[ 2223603ms] [WARNING] OTS parsing error: invalid sfntVersion: 168430090 @ http://localhost:3000/search:0
[ 2223603ms] [WARNING] Failed to decode downloaded font: http://localhost:3000/fonts/Outfit-Variable.woff2 @ http://localhost:3000/search:0
[ 2223603ms] [WARNING] OTS parsing error: invalid sfntVersion: 168430090 @ http://localhost:3000/search:0
[ 2223616ms] [WARNING] Failed to decode downloaded font: http://localhost:3000/fonts/Fraunces-Variable.woff2 @ http://localhost:3000/search:0
[ 2223617ms] [WARNING] OTS parsing error: invalid sfntVersion: 168430090 @ http://localhost:3000/search:0
[ 2223617ms] [WARNING] Failed to decode downloaded font: http://localhost:3000/fonts/Fraunces-Variable.woff2 @ http://localhost:3000/search:0
[ 2223617ms] [WARNING] OTS parsing error: invalid sfntVersion: 168430090 @ http://localhost:3000/search:0
[ 2223617ms] [WARNING] Failed to decode downloaded font: http://localhost:3000/fonts/Fraunces-Variable.woff2 @ http://localhost:3000/search:0
[ 2223617ms] [WARNING] OTS parsing error: invalid sfntVersion: 168430090 @ http://localhost:3000/search:0
[ 2251013ms] [WARNING] Failed to decode downloaded font: http://localhost:3000/fonts/Fraunces-Variable.woff2 @ http://localhost:3000/search:0
[ 2251013ms] [WARNING] OTS parsing error: invalid sfntVersion: 168430090 @ http://localhost:3000/search:0
[ 2251013ms] [WARNING] Failed to decode downloaded font: http://localhost:3000/fonts/Outfit-Variable.woff2 @ http://localhost:3000/search:0
[ 2251013ms] [WARNING] OTS parsing error: invalid sfntVersion: 168430090 @ http://localhost:3000/search:0
[ 2251098ms] [WARNING] Failed to decode downloaded font: http://localhost:3000/fonts/Outfit-Variable.woff2 @ http://localhost:3000/search:0
[ 2251098ms] [WARNING] OTS parsing error: invalid sfntVersion: 168430090 @ http://localhost:3000/search:0
[ 2251098ms] [WARNING] Failed to decode downloaded font: http://localhost:3000/fonts/Outfit-Variable.woff2 @ http://localhost:3000/search:0
[ 2251098ms] [WARNING] OTS parsing error: invalid sfntVersion: 168430090 @ http://localhost:3000/search:0
[ 2251123ms] [WARNING] Failed to decode downloaded font: http://localhost:3000/fonts/Fraunces-Variable.woff2 @ http://localhost:3000/search:0
[ 2251123ms] [WARNING] OTS parsing error: invalid sfntVersion: 168430090 @ http://localhost:3000/search:0
[ 2251123ms] [WARNING] Failed to decode downloaded font: http://localhost:3000/fonts/Fraunces-Variable.woff2 @ http://localhost:3000/search:0
[ 2251123ms] [WARNING] OTS parsing error: invalid sfntVersion: 168430090 @ http://localhost:3000/search:0
[ 2269701ms] [WARNING] Failed to decode downloaded font: http://localhost:3000/fonts/Fraunces-Variable.woff2 @ http://localhost:3000/search:0
[ 2269701ms] [WARNING] OTS parsing error: invalid sfntVersion: 168430090 @ http://localhost:3000/search:0
[ 2269701ms] [WARNING] Failed to decode downloaded font: http://localhost:3000/fonts/Outfit-Variable.woff2 @ http://localhost:3000/search:0
[ 2269701ms] [WARNING] OTS parsing error: invalid sfntVersion: 168430090 @ http://localhost:3000/search:0
[ 2269798ms] [WARNING] Failed to decode downloaded font: http://localhost:3000/fonts/Outfit-Variable.woff2 @ http://localhost:3000/search:0
[ 2269798ms] [WARNING] OTS parsing error: invalid sfntVersion: 168430090 @ http://localhost:3000/search:0
[ 2269798ms] [WARNING] Failed to decode downloaded font: http://localhost:3000/fonts/Outfit-Variable.woff2 @ http://localhost:3000/search:0
[ 2269798ms] [WARNING] OTS parsing error: invalid sfntVersion: 168430090 @ http://localhost:3000/search:0
[ 2269822ms] [WARNING] Failed to decode downloaded font: http://localhost:3000/fonts/Fraunces-Variable.woff2 @ http://localhost:3000/search:0
[ 2269822ms] [WARNING] OTS parsing error: invalid sfntVersion: 168430090 @ http://localhost:3000/search:0
[ 2269822ms] [WARNING] Failed to decode downloaded font: http://localhost:3000/fonts/Fraunces-Variable.woff2 @ http://localhost:3000/search:0
[ 2269822ms] [WARNING] OTS parsing error: invalid sfntVersion: 168430090 @ http://localhost:3000/search:0
[ 2284086ms] [WARNING] Failed to decode downloaded font: http://localhost:3000/fonts/Fraunces-Variable.woff2 @ http://localhost:3000/search:0
[ 2284086ms] [WARNING] OTS parsing error: invalid sfntVersion: 168430090 @ http://localhost:3000/search:0
[ 2284086ms] [WARNING] Failed to decode downloaded font: http://localhost:3000/fonts/Outfit-Variable.woff2 @ http://localhost:3000/search:0
[ 2284086ms] [WARNING] OTS parsing error: invalid sfntVersion: 168430090 @ http://localhost:3000/search:0
[ 2284176ms] [WARNING] Failed to decode downloaded font: http://localhost:3000/fonts/Outfit-Variable.woff2 @ http://localhost:3000/search:0
[ 2284176ms] [WARNING] OTS parsing error: invalid sfntVersion: 168430090 @ http://localhost:3000/search:0
[ 2284176ms] [WARNING] Failed to decode downloaded font: http://localhost:3000/fonts/Outfit-Variable.woff2 @ http://localhost:3000/search:0
[ 2284176ms] [WARNING] OTS parsing error: invalid sfntVersion: 168430090 @ http://localhost:3000/search:0
[ 2284196ms] [WARNING] Failed to decode downloaded font: http://localhost:3000/fonts/Fraunces-Variable.woff2 @ http://localhost:3000/search:0
[ 2284197ms] [WARNING] OTS parsing error: invalid sfntVersion: 168430090 @ http://localhost:3000/search:0
[ 2284197ms] [WARNING] Failed to decode downloaded font: http://localhost:3000/fonts/Fraunces-Variable.woff2 @ http://localhost:3000/search:0
[ 2284197ms] [WARNING] OTS parsing error: invalid sfntVersion: 168430090 @ http://localhost:3000/search:0
[ 2304327ms] [WARNING] Failed to decode downloaded font: http://localhost:3000/fonts/Outfit-Variable.woff2 @ http://localhost:3000/search:0
[ 2304327ms] [WARNING] OTS parsing error: invalid sfntVersion: 168430090 @ http://localhost:3000/search:0
[ 2304335ms] [WARNING] Failed to decode downloaded font: http://localhost:3000/fonts/Fraunces-Variable.woff2 @ http://localhost:3000/search:0
[ 2304335ms] [WARNING] OTS parsing error: invalid sfntVersion: 168430090 @ http://localhost:3000/search:0
[ 2340160ms] [WARNING] Failed to decode downloaded font: http://localhost:3000/fonts/Fraunces-Variable.woff2 @ http://localhost:3000/search:0
[ 2340162ms] [WARNING] OTS parsing error: invalid sfntVersion: 168430090 @ http://localhost:3000/search:0
[ 2340162ms] [WARNING] Failed to decode downloaded font: http://localhost:3000/fonts/Outfit-Variable.woff2 @ http://localhost:3000/search:0
[ 2340162ms] [WARNING] OTS parsing error: invalid sfntVersion: 168430090 @ http://localhost:3000/search:0
[ 2340190ms] [WARNING] Failed to decode downloaded font: http://localhost:3000/fonts/Outfit-Variable.woff2 @ http://localhost:3000/search:0
[ 2340190ms] [WARNING] OTS parsing error: invalid sfntVersion: 168430090 @ http://localhost:3000/search:0
[ 2340190ms] [WARNING] Failed to decode downloaded font: http://localhost:3000/fonts/Outfit-Variable.woff2 @ http://localhost:3000/search:0
[ 2340190ms] [WARNING] OTS parsing error: invalid sfntVersion: 168430090 @ http://localhost:3000/search:0
[ 2340190ms] [WARNING] Failed to decode downloaded font: http://localhost:3000/fonts/Fraunces-Variable.woff2 @ http://localhost:3000/search:0
[ 2340190ms] [WARNING] OTS parsing error: invalid sfntVersion: 168430090 @ http://localhost:3000/search:0
[ 2340190ms] [WARNING] Failed to decode downloaded font: http://localhost:3000/fonts/Fraunces-Variable.woff2 @ http://localhost:3000/search:0
[ 2340190ms] [WARNING] OTS parsing error: invalid sfntVersion: 168430090 @ http://localhost:3000/search:0
[ 2384188ms] [WARNING] Failed to decode downloaded font: http://localhost:3000/fonts/Fraunces-Variable.woff2 @ http://localhost:3000/search:0
[ 2384188ms] [WARNING] OTS parsing error: invalid sfntVersion: 168430090 @ http://localhost:3000/search:0
[ 2384188ms] [WARNING] Failed to decode downloaded font: http://localhost:3000/fonts/Outfit-Variable.woff2 @ http://localhost:3000/search:0
[ 2384188ms] [WARNING] OTS parsing error: invalid sfntVersion: 168430090 @ http://localhost:3000/search:0
[ 2384329ms] [WARNING] Failed to decode downloaded font: http://localhost:3000/fonts/Outfit-Variable.woff2 @ http://localhost:3000/search:0
[ 2384329ms] [WARNING] OTS parsing error: invalid sfntVersion: 168430090 @ http://localhost:3000/search:0
[ 2384329ms] [WARNING] Failed to decode downloaded font: http://localhost:3000/fonts/Outfit-Variable.woff2 @ http://localhost:3000/search:0
[ 2384329ms] [WARNING] OTS parsing error: invalid sfntVersion: 168430090 @ http://localhost:3000/search:0
[ 2384337ms] [WARNING] Failed to decode downloaded font: http://localhost:3000/fonts/Fraunces-Variable.woff2 @ http://localhost:3000/search:0
[ 2384337ms] [WARNING] OTS parsing error: invalid sfntVersion: 168430090 @ http://localhost:3000/search:0
[ 2384337ms] [WARNING] Failed to decode downloaded font: http://localhost:3000/fonts/Fraunces-Variable.woff2 @ http://localhost:3000/search:0
[ 2384337ms] [WARNING] OTS parsing error: invalid sfntVersion: 168430090 @ http://localhost:3000/search:0
[ 2397400ms] [WARNING] Failed to decode downloaded font: http://localhost:3000/fonts/Fraunces-Variable.woff2 @ http://localhost:3000/search:0
[ 2397400ms] [WARNING] OTS parsing error: invalid sfntVersion: 168430090 @ http://localhost:3000/search:0
[ 2397400ms] [WARNING] Failed to decode downloaded font: http://localhost:3000/fonts/Outfit-Variable.woff2 @ http://localhost:3000/search:0
[ 2397400ms] [WARNING] OTS parsing error: invalid sfntVersion: 168430090 @ http://localhost:3000/search:0
[ 2397431ms] [WARNING] Failed to decode downloaded font: http://localhost:3000/fonts/Outfit-Variable.woff2 @ http://localhost:3000/search:0
[ 2397431ms] [WARNING] OTS parsing error: invalid sfntVersion: 168430090 @ http://localhost:3000/search:0
[ 2397431ms] [WARNING] Failed to decode downloaded font: http://localhost:3000/fonts/Outfit-Variable.woff2 @ http://localhost:3000/search:0
[ 2397431ms] [WARNING] OTS parsing error: invalid sfntVersion: 168430090 @ http://localhost:3000/search:0
[ 2397431ms] [WARNING] Failed to decode downloaded font: http://localhost:3000/fonts/Fraunces-Variable.woff2 @ http://localhost:3000/search:0
[ 2397431ms] [WARNING] OTS parsing error: invalid sfntVersion: 168430090 @ http://localhost:3000/search:0
[ 2397431ms] [WARNING] Failed to decode downloaded font: http://localhost:3000/fonts/Fraunces-Variable.woff2 @ http://localhost:3000/search:0
[ 2397431ms] [WARNING] OTS parsing error: invalid sfntVersion: 168430090 @ http://localhost:3000/search:0
[ 2446341ms] [WARNING] Failed to decode downloaded font: http://localhost:3000/fonts/Outfit-Variable.woff2 @ http://localhost:3000/search:0
[ 2446341ms] [WARNING] OTS parsing error: invalid sfntVersion: 168430090 @ http://localhost:3000/search:0
[ 2446403ms] [WARNING] Failed to decode downloaded font: http://localhost:3000/fonts/Fraunces-Variable.woff2 @ http://localhost:3000/search:0
[ 2446404ms] [WARNING] OTS parsing error: invalid sfntVersion: 168430090 @ http://localhost:3000/search:0
[ 2571649ms] [WARNING] Failed to decode downloaded font: http://localhost:3000/fonts/Fraunces-Variable.woff2 @ http://localhost:3000/search:0
[ 2571649ms] [WARNING] OTS parsing error: invalid sfntVersion: 168430090 @ http://localhost:3000/search:0
[ 2571649ms] [WARNING] Failed to decode downloaded font: http://localhost:3000/fonts/Outfit-Variable.woff2 @ http://localhost:3000/search:0
[ 2571649ms] [WARNING] OTS parsing error: invalid sfntVersion: 168430090 @ http://localhost:3000/search:0
[ 2571682ms] [WARNING] Failed to decode downloaded font: http://localhost:3000/fonts/Outfit-Variable.woff2 @ http://localhost:3000/search:0
[ 2571682ms] [WARNING] OTS parsing error: invalid sfntVersion: 168430090 @ http://localhost:3000/search:0
[ 2571682ms] [WARNING] Failed to decode downloaded font: http://localhost:3000/fonts/Outfit-Variable.woff2 @ http://localhost:3000/search:0
[ 2571682ms] [WARNING] OTS parsing error: invalid sfntVersion: 168430090 @ http://localhost:3000/search:0
[ 2571691ms] [WARNING] Failed to decode downloaded font: http://localhost:3000/fonts/Fraunces-Variable.woff2 @ http://localhost:3000/search:0
[ 2571691ms] [WARNING] OTS parsing error: invalid sfntVersion: 168430090 @ http://localhost:3000/search:0
[ 2571691ms] [WARNING] Failed to decode downloaded font: http://localhost:3000/fonts/Fraunces-Variable.woff2 @ http://localhost:3000/search:0
[ 2571691ms] [WARNING] OTS parsing error: invalid sfntVersion: 168430090 @ http://localhost:3000/search:0
